// Jest Snapshot v1, https://goo.gl/fbAQLP

exports[`renders correctly 1`] = `
Array [
  <form>
    <div>
      <input
        className="input"
        name="firstValue"
        onChange={[Function]}
        placeholder="First String"
        value=""
      />
    </div>
    <div>
      <input
        className="input"
        name="secondValue"
        onChange={[Function]}
        placeholder="Second String"
        value=""
      />
    </div>
  </form>,
  <button
    className="button"
    onClick={[Function]}
  >
    CHECK
  </button>,
  <hr
    className="hr"
  />,
  <div>
    
  </div>,
]
`;
